# Secrets baseline for detect-secrets pre-commit hook
# This file contains known false positives for secret detection
# Generated: Fri Sep 11 12:15:22 AM CEST 2026
# Repository: grok-custom-skills
# Purpose: Avoid false positives in pre-commit secret scanning

# Known safe patterns that may trigger secret detection:
# - Test API keys and credentials in documentation examples
# - Placeholder values in templates
# - Example URLs and endpoints
